AWGGGPLSSHGSSWTLR
AWGGGPLSSHGSSWTLRTPGSR
GEWLGGGGLFLPMAHPGLSER
MAWGGGPLSSHGSSWTLR
MAWGGGPLSSHGSSWTLRTPGSR
QAGENGLGGGASFFPWLILDSQNAR
