ACLPTAQLTAR
ACLPTAQLTARTK
ACLPTAQLTARTKGDA
ACLPTAQLTARTKGEA
ASRSMPLASR
ASRSMPLASRTLWLAETSSHHQIWR
ASWREHIPLRHVPGPALLHPPR
DGLPSHSTADCTNQR
DGLPSHSTADCTNQRR
DGLPSHSTADCTNQRRR
DGLPSHSVR
DGLPSHSVRASR
DGLPSHSVRASRSMPLASR
DKEGFQR
DKEGFQRK
EAEAGGSPECLIASR
EAEAGGSPECLIASRSMPLASR
EAEAGGSPECSIASR
EAEAGGSPECSIASRSMPLASR
EGFQRKGWSSWVSK
EHIPLRHVPGPALLHPPR
GHSKQEK
GHSKQEKQLDQAR
GWSSWVSK
GWSSWVSKDD
HVPGPALLHPPR
KGWSSWVSK
KGWSSWVSKDD
MACLPTAQLTAR
MACLPTAQLTARTK
MACLPTAQLTARTKGDA
MACLPTAQLTARTKGEA
MDGLPSHSTADCTNQR
MDGLPSHSTADCTNQRR
MDGLPSHSTADCTNQRRR
MDGLPSHSVR
MDGLPSHSVRASR
MDGLPSHSVRASRSMPLASR
MPVIPALR
MPVIPALREAEAGGSPECLIASR
MPVIPALREAEAGGSPECSIASR
MPWMACLPTAQLTAR
MPWMACLPTAQLTARTK
MPWMACLPTAQLTARTKGDA
MPWMACLPTAQLTARTKGEA
MSLDQLYFTRPVPLHSGYR
MSQRDKEGFQR
MTRSWPGSK
MTRSWPGSKGHSK
MVKLGFQG
PVIPALR
PVIPALREAEAGGSPECLIASR
PVIPALREAEAGGSPECSIASR
PWMACLPTAQLTAR
PWMACLPTAQLTARTK
PWMACLPTAQLTARTKGDA
PWMACLPTAQLTARTKGEA
QEKQLDQAR
QEKQLDQARR
QLDQARR
QLDQARRGGSCL
RMSQRDK
SLDQLYFTRPVPLHSGYR
SMPLASR
SMPLASRTLWLAETSSHHQIWR
SQRDKEGFQR
SWPGSKGHSK
SWPGSKGHSKQEK
TRSWPGSK
TRSWPGSKGHSK
VKLGFQG
