AHGPTHHSSCWPK
AHGPTHHSSCWPKVGMEGIFQVHF
ALLTWTLLPTSCVADLLGCCTEQR
ALLTWTLLPTSCVADLLGCCTEQRR
DRHTTLPVGPR
EGIFQVHF
EGSPTYHDHPPAWR
EGSPTYHDHPPAWRK
EPSSPGHSCPR
EPSSPGHSCPRLV
EVCCRQQQQQQQQQQQQQRPGFLR
EVCCRQQQQQQQQQQQQRPGFLR
FGNQGRFVSSSPFCLK
FGNQGRFVSSSPFCLKTQ
FQPPPHPQGPGAAGSQGR
FVSSSPFCLK
FVSSSPFCLKTQ
GAPWRSQWPLQNVHR
GKFGNQGR
GKFGNQGRFVSSSPFCLK
GKNELCGSELELGPLQPQPPLLR
GLSLHPKPFSPSR
GLSLHPKPFSPSRCTQ
HTTLPVGPR
ITLQPGGSSMPAAWTSMGAR
KEGSPTYHDHPPAWR
KEGSPTYHDHPPAWRK
KGAPWRSQWPLQNVHR
KGKFGNQGR
KQRPGEPQEGRPGAEWMSLI
LCKKGAPWR
LLLWAEER
LLLWAEERK
LLLWAEERKK
LLRLRHSWR
LPWREPSSPGHSCPR
LPWREPSSPGHSCPRLV
LRHSWRGK
MDRHTTLPVGPR
MEGIFQVHF
MEVCCRQQQQQQQQQQQQQRPGFLR
MEVCCRQQQQQQQQQQQQRPGFLR
MITLQPGGSSMPAAWTSMGAR
MKQRPGEPQEGRPGAEWMSLI
MLCKKGAPWR
MLLLWAEER
MLLLWAEERK
MLLLWAEERKK
MLPWREPSSPGHSCPR
MLPWREPSSPGHSCPRLV
MNSAGQGPLPMEVCCR
MPAAWTSMGAR
MPFQTHSFL
MPPRAHGPTHHSSCWPK
MSCAVQSWSLAHYSLSPLC
MTCTEEK
MTCTEEKLLR
MTCTEEKLLRLR
NELCGSELELGPLQPQPPLLR
NSAGQGPLPMEVCCR
PAAWTSMGAR
PFQTHSFL
PPRAHGPTHHSSCWPK
QQQQQQQQQQQQQRPGFLR
QQQQQQQQQQQQQRPGFLRNCWPV
QQQQQQQQQQQQRPGFLR
QQQQQQQQQQQQRPGFLRNCWPV
QRPGEPQEGRPGAEWMSLI
RSYSCHVMQEGSTVEK
RSYSCHVMQEGSTVEKSVAPAECS
SCAVQSWSLAHYSLSPLC
SPLLDEAEAWGASGGQTWGR
SQWPLQNVHR
SRRSYSCHVMQEGSTVEK
SYSCHVMQEGSTVEK
SYSCHVMQEGSTVEKSVAPAECS
TCTEEKLLR
TCTEEKLLRLR
VDVTHLGGF
VGMEGIFQVHF
