EPAGLSLVLKKIPIPETPHR
GLATRLSR
GLATRLSRR
IPIPETPHR
IPIPETPHRRPLR
IPIPETPHRRPLRSWTPR
IPIPETPPQTPPQVLDSPHQR
KIPIPETPHR
KIPIPETPHRRPLR
KIPIPETPPQTPPQVLDSPHQR
KSKGLATR
RPLRSWTPR
RPLRSWTPRTR
SKGLATR
SKGLATRLSR
SPSLSLAPLSPR
SPSLSLAPLSPRLCLPWP
SPVGRKK
SWTPRTR
