DFKSSGSQNGTQ
DFKSSRSQNGTQ
FCGEHAGATEEEDAR
FCGEHAGATEEEDARK
FCGEHAGATEEEDARKR
FCGEHAGAVEEEDAR
FCGEHAGAVEEEDARK
FCGEHAGAVEEEDARKR
ILCPLDPKQGNSFDCGVLLILMK
MVVAAGKRFCGEHAGATEEEDAR
MVVAAGKRFCGEHAGAVEEEDAR
QGNSFDCGVLLILMK
QGNSFDCGVLLILMKDFK
QGNSFDCGVLLILMKDFKSSR
RFCGEHAGATEEEDAR
RFCGEHAGATEEEDARK
RFCGEHAGAVEEEDAR
RFCGEHAGAVEEEDARK
RILCPLDPKQGNSFDCGVLLILMK
SSGSQNGTQ
SSRSQNGTQ
