CTHTNAHTRTHAHTHTR
HTRTHAHTHTR
MYTHTHTHMHTHAHTR
MYTHKCTHTHAHTHAR
CTHTYTAHMHTHIHVHTQTCTHTR
YTHTHAHTCTYTDTCTHTYTCTHR
HAHTHVHTCTHTHVR
YTHTHTQMHMHGTHAHTHTR
MHTHAHTHTRTHAHTHTR
HTRTHAHTHTRTHAHTHTR
MYTHTHTHMHTNAHTRTHAHTHTR
MYTHTHTNAHTQMHMHGTHAHTHTR
YTHTHTHMHTHAHTR
MYTHKCTCTDK
YTHTHTNAHARTHAHARTHAHTHTR
YTHTHARTNAHAR
MYTHTHTHTRTNAHTHTR
YTHKCTHTNAHTHARTHAHTHTR
YTHTHARTNAHTHAR
MYTHTHTHMHTHAHTHAR
YTHTHTNAHARTHAHAR
CTHGQMHMHGTHAHTHTR
CTCTHMHMHGTHAHTHTR
MYTHTHARTNAHTHARTHAHTHTR
HMHTHAHTHARHTCTHTYTCTHR
YTHKCTHTNAHTHTR
THAHTHARHTCTHTYTCTHR
MYTHKCTHGQMHTHMHGTHAHTHTR
MHMHTNAHAR
CTHTHAHTHTR
HMHTHAHAR
MHGQMHMHGTHAHTHTR
YTHTHTNAHAR
MYTHTHTHMHTHAHAR
YTHTHARTNAHTHTR
YTHTHTNAHTQMHIHGTHAHTHTR
MHTHTCTYTDTCTHTYTCTHR
MYTHTHARTHAHTHAR
MYTHKCTCTQMHMHGTHAHTHTR
MHTRTNAHTHARTHAHTHTR
HTHTYTHAHTHTYAHAGSGS
MHTNAHTHTR
MHGHMHTHIHVHTQTCTHTR
MYTHTHTHTRTNAHAR
MHTRTNAHARHTCTHTYTCTHR
MHTRTNAHTR
MHTNAHARHTCTHTYTCTHR
MYTHTHTHMHTHMHGTHAHTHTR
HMHTNAHTHARTHAHTHTR
TNAHARHTCTHTYTCTHR
YTHTHTHMHTNAHTR
MHTHTYTHAHTHTYAHAGSGS
TNAHTHARTHAHTHTR
HMHTHAHTRHTCTHTYTCTHR
MHIHGHMHTHIHVHTQTCTHTR
HTRTHAHTHARTHAHTHTR
THAHARTHAHTHTR
CTHTHAHARTHAHTHTR
MYTHTHTQMHTHMHGTHAHTHTR
MYTHTHTNAHARTNAHTR
HTHAHTRHTCTHTYTCTHRHAHTR
YTHKCTCTQMHIHGTHAHTHTR
MHMHTHAHTRHTCTHTYTCTHR
CTCTDKCTCTDTCTHTYTCTHR
HTHKCTYTDTCTHTYTCTHRHAHTR
HTRTNAHTR
AHTDMHTHVHTCTHTHVRTCGVR
MHTHAHTHTR
MYTHTHTHMHTNAHARTHAHTHTR
MYTHKCTHGQMHIHGTHAHTHTR
YTHKCTHTHAHAR
MYTHTHTHMHGQMHMHGTHAHTHTR
YTHTHTDTCTYTDTCTHTYTCTHR
HGHMHMHGHMHTHIHVHTQTCTHTR
HTNAHTRTHAHTHTR
MYTHTHTHMHTNAHTHTR
MHTNAHTHARHTCTHTYTCTHR
MHMHGQMHIHGTHAHTHTR
YTHTHTNAHTDK
MYTHTHAR
DTLHADTRRVPAHGEEHAV
TNAHTHTRTHAHTHTR
HGHMHTHMHGTHAHTHTR
YTHTHTHMHGQMHIHGTHAHTHTR
YTHTHTHTRTNAHTHAR
MYTHTHTQMHIHGTHAHTHTR
CTHTNAHTHARTHAHTHTR
HTCTHTYTCTHRHAHTRTHMHTHTR
MYTHTHARTHAHTR
HMHTNAHTHARHTCTHTYTCTHR
YTHTHTHMHTHAHARTHAHTHTR
CTYTAHMHTHIHVHTQTCTHTR
MHTHAHTRHTCTHTYTCTHR
MHTHKCTYTDTCTHTYTCTHR
MYTHTHTNAHARTNAHTHTR
MHTHAHARTHAHTHTR
MDTLHADTRRVPAHGEEHAV
YTHTHARTNAHTR
HTNAHTRHTCTHTYTCTHRHAHTR
HMHTNAHARTHAHTHTR
MHTNAHTHAR
CTYTDTCTHTYTCTHRHAHTR
HTHAHTRHTCTHTYTCTHR
YTHKCTHGQMHTHMHGTHAHTHTR
HMHTHAHARTHAHTHTR
YTHTHTHMHIHGTHAHTHTR
MYTHKCTHTNAHTHARTHAHTHTR
HTRTHAHARHTCTHTYTCTHR
CTHTHAHTHARHTCTHTYTCTHR
HTRTHAHARTHAHTHTR
YTHTHTHMHTNAHTHAR
MYTHTHTHMHTHAHTHTR
MHGHMHIHGTHAHTHTR
HTHMHGTHAHTHTR
YTHKCTHTHAHTHTR
HTHAHTHARHTCTHTYTCTHR
MYTHKCTHTHAHTHARTHAHTHTR
HTHKCTCTDTCTHTYTCTHR
MYTHTHARTHAHARTHAHTHTR
YTHTHTHMHTHMHGTHAHTHTR
HTNAHTRHTCTHTYTCTHR
CTHTNAHARTHAHTHTR
MYTHTHAHK
YTHKCTHGHMHMHGTHAHTHTR
YTHTHTQMHIHGTHAHTHTR
MHMHTHAHTHTR
TNAHTHTRHTCTHTYTCTHR
CTHGQMHTHMHGTHAHTHTR
YTHTHTHMHTHIHGTHAHTHTR
MHMHTNAHTHARHTCTHTYTCTHR
YTHTHTNAHARTNAHTRTHAHTHTR
YTHTHTHTRTHAHTR
MHGHMHMHGTHAHTHTR
HTHTCTCTDTCTHTYTCTHRHAHTR
MYTHTHARTHAHAR
MHTHAHTHARHTCTHTYTCTHR
HTRTHAHAR
HMHTHAHTR
MHMHTNAHTR
YTHTHTQMHTHIHGTHAHTHTR
YTHKCTHTNAHTHTRTHAHTHTR
MYTHTHTNAHARTHAHTR
THAHARHTCTHTYTCTHR
MYTHTHARTNAHAR
HTNAHAR
HMHGQMHIHGTHAHTHTR
HIHGTHAHTHTR
CTHTHAHTHARTHAHTHTR
HTHIHGTHAHTHTR
YTHTHTDTCTCTDTCTHTYTCTHR
HTNAHARHTCTHTYTCTHR
YTHTHARTHAHTHARTHAHTHTR
MHTHMHGHMHTHIHVHTQTCTHTR
THAHTHARHTCTHTYTCTHRHAHTR
STLFRRR
THAHARHTCTHTYTCTHRHAHTR
RVPAHGEEHAV
VPAHGEEHAV
CTCTDKCTYTDTCTHTYTCTHR
MHTNAHTR
MHTHAHTHAR
MHTHAHARHTCTHTYTCTHRHAHTR
HTRTNAHTHTRTHAHTHTR
TNAHARHTCTHTYTCTHRHAHTR
TNAHTHARHTCTHTYTCTHR
MYTHTHTDKCTYTDTCTHTYTCTHR
YTHKCTCTQMHMHGTHAHTHTR
MHTHTCTHTCTDTCTHTYTCTHR
THAHTRTHAHTHTR
CTCTQMHTHMHGTHAHTHTR
TNAHTHARHTCTHTYTCTHRHAHTR
LTGRSTLFRR
MHTHIHGTHAHTHTR
YTHTHTHTRTHAHTHTRTHAHTHTR
THAHTHTRHTCTHTYTCTHR
CTCTAHMHTHIHVHTQTCTHTR
YTHTHARTNAHTRHTCTHTYTCTHR
HTHKCTHTYTDTCTHTYTCTHR
SALFRRR
MHMHTNAHARHTCTHTYTCTHR
MYTHTHTNAHAHK
YTHTHTHMHTHAHTHAR
CTHTHAHTHAR
TNAHTRHTCTHTYTCTHRHAHTR
YTHTHTHMHTNAHARTHAHTHTR
MHTRTNAHTRHTCTHTYTCTHR
CTYTDTCTHTYTCTHR
THAHTHARTHAHTHTR
MHTRTHAHTHARHTCTHTYTCTHR
MHTHTCTCTDTCTHTYTCTHR
YTHTHTNAHARTNAHTHTR
MYTHTHTHMHTHAHTRTHAHTHTR
YTHTHTNAHARTNAHTHAR
MYTHTHTNAHAR
HTNAHTHTR
HAHTHVHTCTHTHVRTCGVR
MHGHMHTHMHGTHAHTHTR
MYTHKCTCTQMHIHGTHAHTHTR
HTRTNAHARHTCTHTYTCTHR
YTHTHARTHAHAR
THAHTRHTCTHTYTCTHRHAHTR
MYTHTHTDTCTCTDTCTHTYTCTHR
MHTRTNAHTHTRTHAHTHTR
YTHKCTHTNAHTHAR
YTHTHTHMHGHMHIHGTHAHTHTR
MYTHTHARTNAHTR
MHTNAHAR
MYTHKCTHTHAHTRTHAHTHTR
HMHGQMHTHMHGTHAHTHTR
YTHTHARTNAHARTHAHTHTR
YTHKCTHTHAHTHARTHAHTHTR
MYTHTHAHTCTCTDTCTHTYTCTHR
MHTRTHAHTRTHAHTHTR
MHTNAHTHTRHTCTHTYTCTHR
HTRTNAHTRHTCTHTYTCTHR
YTHTHTNAHARTNAHTR
MHMHTHAHTHTRTHAHTHTR
HMHTNAHAR
HTRTHAHTRTHAHTHTR
MHMHTNAHTRTHAHTHTR
HTHAHTHTRHTCTHTYTCTHR
YTHTHTHMHMHGTHAHTHTR
YTHTHTNAHARTNAHAR
HTHIHGHMHTHIHVHTQTCTHTR
MHMHTNAHTRHTCTHTYTCTHR
MYTHTHTNAHARTHAHAR
YTHKCTHTHAHARHTCTHTYTCTHR
MYTHTHTHMHTNAHTHAR
HTNAHTHTRTHAHTHTR
TNAHTHTRHTCTHTYTCTHRHAHTR
MHMHTNAHARTHAHTHTR
MHMHTNAHTHARTHAHTHTR
MYTHTHTHTRTHAHTHTR
YTHKCTCTQMHTHMHGTHAHTHTR
YTHTHTHTRTNAHTR
YTHTHTHTRTHAHARTHAHTHTR
MYTHTHTQMHTHIHGTHAHTHTR
MHMHGQMHTHMHGTHAHTHTR
YTHKCTCTHMHMHGTHAHTHTR
CTCTDKCTHTCTDTCTHTYTCTHR
MYTHTHTNAHTQMHIHGTHAHTHTR
YTHTHAHK
YTHTHTNAHAHK
MHTHAHTHTRHTCTHTYTCTHR
YTHTHTHMHTHAHTRTHAHTHTR
HTCTHTYTCTHR
TNAHTRHTCTHTYTCTHR
HTRTHAHTHAR
MYTHTHTHMHTHIHGTHAHTHTR
MYTHKCTHTNAHAR
MHTHIHVHTQTCTHTRTHMHTHTR
MHTNAHARHTCTHTYTCTHRHAHTR
CTCTQMHIHGTHAHTHTR
MHMHTHAHARTHAHTHTR
CTHTHAHARHTCTHTYTCTHR
CTHTNAHAR
MYTHKCTHTHAHARTHAHTHTR
MHTNAHTRTHAHTHTR
HTNAHTR
MHTRTNAHTRTHAHTHTR
YTHKCTHTHAHTHAR
MYTHKCTHTNAHTHTRTHAHTHTR
MHTRTNAHTHAR
HGQMHIHGHMHTHIHVHTQTCTHTR
HTCTHTYTCTHRHAHTR
MYTHTHARTHAHTHARTHAHTHTR
TNAHTHTR
CTHTHAHTRHTCTHTYTCTHR
MYTHTHAHKCTCTDTCTHTYTCTHR
YTHTHTNAHTQMHMHGTHAHTHTR
YTHTHTHMHTHAHTHARTHAHTHTR
MYTHKCTHTHAHTR
THAHTRHTCTHTYTCTHR
MHGQMHIHGTHAHTHTR
HGQMHTHIHGTHAHTHTR
HTHAHTRTHAHTHTR
MYTHTHTHTRTHAHAR
MYTHTHTHTRTHAHTRTHAHTHTR
YTHKCTHTNAHAR
YTHTHTNAHTHMHMHGTHAHTHTR
MYTHTHTHMHIHGTHAHTHTR
HTRTNAHTRTHAHTHTR
MHMHGHMHMHGTHAHTHTR
YTHTHAHKCTYTDTCTHTYTCTHR
YTHTHARTHAHARTHAHTHTR
HTHAHTHTRTHAHTHTR
MYTHKCTHTNAHTHTR
THAHTHTRHTCTHTYTCTHRHAHTR
MHTHIHGHMHTHIHVHTQTCTHTR
HTRTHAHTR
YTHKCTHTHAHTR
HTRTNAHTHAR
HTRTNAHTHTR
CTHTNAHTHTRHTCTHTYTCTHR
MHTRTNAHARTHAHTHTR
MYTHTHTHMHMHGTHAHTHTR
HTNAHTHTRHTCTHTYTCTHR
MYTHTHTDKCTCTDTCTHTYTCTHR
MYTHKCTHTHAHTHTRTHAHTHTR
HMHTHAHTRTHAHTHTR
HMHTNAHTRTHAHTHTR
HTHKCTHTCTDTCTHTYTCTHR
YTHKCTHTHAHTHTRTHAHTHTR
MHTNAHTHTRTHAHTHTR
MYTHTHTHMHGHMHMHGTHAHTHTR
MHTRTNAHTHTR
YTHKCTHGQMHIHGTHAHTHTR
YTHTHTHMHGQMHMHGTHAHTHTR
MYTHKCTHTNAHARTHAHTHTR
HTRTNAHARTHAHTHTR
HTHTCTHTCTDTCTHTYTCTHR
HGHMHMHGTHAHTHTR
YTHTHARTNAHTRTHAHTHTR
YTHTHARTHAHTHAR
CTHTNAHTHARHTCTHTYTCTHR
MYTHTHTHMHGHMHIHGTHAHTHTR
YTHTHTHMHTNAHTHARTHAHTHTR
YTHKCTHGQMHMHGTHAHTHTR
MHMHTNAHTHAR
YTHTHTHMHTNAHTHTRTHAHTHTR
HTHTCTYTDTCTHTYTCTHRHAHTR
YTHTHTDKCTCTDTCTHTYTCTHR
MYTHTHTNAHTHMHIHGTHAHTHTR
MYTHTHTNAHARTNAHAR
MYTHTHARTNAHTHTRTHAHTHTR
MYTHKCTHTHAHTHTR
HTNAHTHARHTCTHTYTCTHR
MYTHTHTHMHTNAHTR
MHTHAHTR
YTHTHTNAHARTNAHARTHAHTHTR
MYTHTHTNAHARTNAHTHAR
YTHTHTHMHTHAHAR
MHMHTHAHTHARTHAHTHTR
CTHTHAHTR
YTHTHTHMHTNAHTRTHAHTHTR
YTHTHTHMHTHAHTHTR
YTHTHTHTRTNAHTHTR
MHTNAHARTHAHTHTR
VGFRLTGRSTLFR
MYTHKCTHTHAHAR
MYTHTHAHKCTYTDTCTHTYTCTHR
HIHGHMHTHIHVHTQTCTHTR
MHMHGTHAHTHTR
MYTHKCTHTNAHTRTHAHTHTR
MHMHTHAHTHAR
CTHTNAHARHTCTHTYTCTHR
TNAHARTHAHTHTR
MHMHTHAHTRTHAHTHTR
THAHTHTR
MHTHKCTHTCTDTCTHTYTCTHR
YTHTHTHTRTHAHTHARTHAHTHTR
HTNAHARHTCTHTYTCTHRHAHTR
MHTNAHTHARTHAHTHTR
HTHAHARHTCTHTYTCTHR
MHMHTHAHAR
MYTHTHARTHAHTRTHAHTHTR
YTHTHTDKCTYTDTCTHTYTCTHR
YTHTHTHTRTNAHARTHAHTHTR
CTCTDTCTCTDTCTHTYTCTHR
MHTRTHAHTR
YTHKCTHTHAHTRTHAHTHTR
CTHTHAHTHTRTHAHTHTR
HMHTHAHARHTCTHTYTCTHR
THAHTHTRTHAHTHTR
CTHTHAHTRTHAHTHTR
YTHTHTHTRTHAHTRTHAHTHTR
YTHTHTHMHGHMHMHGTHAHTHTR
HTHAHTHTR
CTHTCTDTCTHTYTCTHR
HGQMHMHGTHAHTHTR
YTHKCTHTNAHARTHAHTHTR
TNAHTHAR
MHMHGQMHMHGTHAHTHTR
HTRTHAHTRHTCTHTYTCTHR
MHTHTCTHTYTDTCTHTYTCTHR
HTHAHTR
MYTHKCTCTQMHTHMHGTHAHTHTR
HMHTNAHTHTR
STLFRRWTR
MHTHKCTCTDTCTHTYTCTHR
YTHTHARTHAHTR
MHGQMHTHIHGTHAHTHTR
MYTHTHTHMHTNAHAR
HTHTCTYTDTCTHTYTCTHR
MYTHKCTHGHMHMHGTHAHTHTR
TRSTPPLASSLPSGSWAFR
HGQMHIHGTHAHTHTR
HMHGQMHMHGTHAHTHTR
MHMHTNAHTHTRHTCTHTYTCTHR
MYTHTHTHTRTNAHTRTHAHTHTR
AHTDMHTHVHTCTHTHVR
HGQMHMHGHMHTHIHVHTQTCTHTR
HMHTHAHTHTRTHAHTHTR
HMHTNAHARHTCTHTYTCTHR
YTHKCTHTHAHARTHAHTHTR
HTHIHVHTQTCTHTRTHMHTHTR
CTHTNAHTHAR
YTHTHTHTRTHAHTHAR
TNAHTRTHAHTHTR
YTHTHTHMHTNAHAR
MHGQMHTHMHGTHAHTHTR
YTHTHARTNAHTHTRTHAHTHTR
HTRTNAHAR
CTHGHMHMHGTHAHTHTR
HGHMHIHGHMHTHIHVHTQTCTHTR
MYTHTHTHMHGQMHIHGTHAHTHTR
MHGTHAHTHTR
YTHTHARTHAHARHTCTHTYTCTHR
HTHKCTYTDTCTHTYTCTHR
MYTHTHARTNAHTHTR
YTHKCTHTNAHTR
HTRTHAHTHARHTCTHTYTCTHR
MYTHTHTNAHTHMHMHGTHAHTHTR
MHMHTHAHARHTCTHTYTCTHR
HTHTCTHTYTDTCTHTYTCTHR
MHTRTHAHARTHAHTHTR
MYTHTHTDK
HMHTNAHTR
AHTDMHTHTYTHAHTHTYAHAGSGS
MYTHTHTHTRTNAHTHAR
MHTHAHTHARTHAHTHTR
MYTHTHAHTCTYTDTCTHTYTCTHR
MYTHTHTHTRTHAHARTHAHTHTR
MHMHTNAHTHTRTHAHTHTR
MHTRTHAHTHTRTHAHTHTR
CTHTNAHTHTRTHAHTHTR
YTHTHTHTRTNAHTHARTHAHTHTR
HMHTHAHTHARTHAHTHTR
MHTHAHAR
MHTRTNAHAR
YTHKCTCTDK
HTHAHAR
HTRTNAHTHARTHAHTHTR
YTHKCTHTNAHTRHTCTHTYTCTHR
MYTHTHTNAHTDK
MYTHTHTQMHMHGTHAHTHTR
RTRSTPPLASSLPSGSWAFR
YTHKCTHTNAHTRTHAHTHTR
MHMHGHMHTHIHVHTQTCTHTR
MHTRTHAHAR
MYTHTHTHMHTHAHARTHAHTHTR
CTHGQMHIHGTHAHTHTR
MYTHTHTHTRTHAHTR
YTHTHTHTRTNAHTRTHAHTHTR
HGTHAHTHTR
MYTHTHARTNAHTHAR
HTHKCTCTDTCTHTYTCTHRHAHTR
HTHMHGHMHTHIHVHTQTCTHTR
MHTRTHAHARHTCTHTYTCTHR
MHTHAHARHTCTHTYTCTHR
YTHTHTNAHARTHAHTR
HTNAHTHAR
HTNAHARTHAHTHTR
MHTRTHAHTHTR
THAHTHAR
MYTHTHTHTRTHAHTHAR
YTHTHTHTR
MHIHGTHAHTHTR
MHTHIHVHTQTCTHTR
YTHTHTNAHTHMHIHGTHAHTHTR
HTRTNAHTHTRHTCTHTYTCTHR
CTHTCTDTCTHTYTCTHRHAHTR
CTHTHAHAR
MYTHTHTNAHARTHAHTHAR
CTHTNAHTRHTCTHTYTCTHR
MYTHTHTHTRTNAHTR
HGHMHIHGTHAHTHTR
HMHTNAHTHTRTHAHTHTR
LTGRSTLFR
MHMHTHAHTR
MHMHTNAHTHTR
HMHTNAHTRHTCTHTYTCTHR
HTHIHVHTQTCTHTR
MHTRTHAHTHARTHAHTHTR
YTHTHARTHAHTRTHAHTHTR
MYTHTHTHTR
HMHGHMHTHIHVHTQTCTHTR
YTHTHTHTRTHAHAR
MHTRTNAHTHTRHTCTHTYTCTHR
MHTHKCTHTYTDTCTHTYTCTHR
HTHAHTHARTHAHTHTR
MYTHTHARTNAHTRTHAHTHTR
YTHTHTDK
YTHTHTHMHTNAHTHTR
MHTRTHAHTHAR
MYTHKCTCTHMHMHGTHAHTHTR
YTHTHAHKCTCTDTCTHTYTCTHR
HTNAHTHARTHAHTHTR
MYTHTHTDTCTYTDTCTHTYTCTHR
CTHTNAHTR
HTHTCTCTDTCTHTYTCTHR
MHMHTHAHTHARHTCTHTYTCTHR
HMHTHAHTHAR
HMHTHAHTHTR
HMHTNAHTHTRHTCTHTYTCTHR
MYTHTHTHTRTNAHARTHAHTHTR
HTRTNAHTHARHTCTHTYTCTHR
YTHKCTHTNAHARHTCTHTYTCTHR
MHTHMHGTHAHTHTR
CTCTQMHMHGTHAHTHTR
YTHTHTHTRTHAHTHTR
CTHTNAHTHTR
YTHTHTHTRTNAHTHTRTHAHTHTR
YTHTHARTNAHARHTCTHTYTCTHR
MYTHTHARTNAHARTHAHTHTR
HGHMHTHIHVHTQTCTHTR
MHTRTHAHTRHTCTHTYTCTHR
HMHGHMHMHGTHAHTHTR
YTHTHTNAHARTHAHTRTHAHTHTR
MHTNAHTRHTCTHTYTCTHRHAHTR
YTHTHAHTCTCTDTCTHTYTCTHR
HTHAHARHTCTHTYTCTHRHAHTR
MHTHAHTRHTCTHTYTCTHRHAHTR
YTHTHTNAHARTHAHTHAR
MYTHKCTHTNAHTHAR
YTHTHTHMHTHAHTHTRTHAHTHTR
YTHTHAR
HTHAHTHAR
MHTHAHTRTHAHTHTR
CTHTCTAHMHTHIHVHTQTCTHTR
CTHTYTDTCTHTYTCTHR
HGQMHTHMHGTHAHTHTR
MHTNAHTRHTCTHTYTCTHR
YTHTHARTNAHTHARTHAHTHTR
MHTRTNAHTHARHTCTHTYTCTHR
HMHGTHAHTHTR
MYTHKCTHGQMHMHGTHAHTHTR
YTHTHTQMHTHMHGTHAHTHTR
YTHTHTHTRTNAHAR
HTHAHARTHAHTHTR
YTHKCTHTHAHTRHTCTHTYTCTHR
TRSTPPLASSLPSGSWAFRAR
HMHTNAHTHAR
CTHTYTDTCTHTYTCTHRHAHTR
MYTHKCTHTNAHTR
