AFSPFGTITSAKVGR
AFSPFGTITSAKVGRWSQQR
FLHLVQSLVQR
FLHLVQSLVQRL
FLHLVQSLVQRLEGGR
FLHLVQSLVQRLEGGRSK
GLVLYVSPPQK
GLVLYVSPPQKKPLK
GLVLYVSPPQKKPLKQLQK
KAFSPFGTITSAKVGR
KPLKQLQK
KRFLHLVQSLVQR
LEGGRSK
LEGGRSKGFGFVCFSSPEEATK
LEGGRSKGLVLYVSPPQK
RFLHLVQSLVQR
RFLHLVQSLVQRL
RFLHLVQSLVQRLEGGR
SKGLVLYVSPPQK
SKGLVLYVSPPQKKPLK
VGRWSQQGFGFVCFSSPEEATK
VGRWSQQR
VGRWSQQRVWFCMFLLPR
VMMEGGRSKGLVLYVSPPQK
VWFCMFLLPR
VWFCMFLLPRR
VWFCMFLLPRRSH
WSQQGFGFVCFSSPEEATK
WSQQRVWFCMFLLPR
WSQQRVWFCMFLLPRR
