MTTILTYPFK
MTTILTYPFKNLPTASK
MTTILTYPFKNLPTASKWALR
TTILTYPFK
TTILTYPFKNLPTASK
TTILTYPFKNLPTASKWALR
