AGWTPTADTTTGLWR
ASQCSGESNLR
AVTELGRPDAEYWNSQKDILEDR
AVTELGRPDAEYWNSQKDILEDRR
AVTELGRPDAEYWNSQKDILEQAGR
AVTELGRPDAEYWNSQKDILER
AVTELGRPDAEYWNSQKDILERR
CHFFNGTER
CHFFNGTERFLDR
CHFFNGTERFLDRYFYNQEESVR
CHFFNGTERVR
CHFFNGTERVRFLDR
DILEDRR
DILEDRRAAVDTYCR
DILEDRRAGWTPTADTTTGLWR
DILEDRRGPGGHLLQTQLR
DILEDRRGPR
DILEDRRGR
DILEQAGPGGHLLQTQLR
DILEQAGPR
DILEQAGPRWTPTADTTTGLWR
DILEQAGR
DILEQAGRGGHLLQTQLR
DILEQAGRVDTYCR
DILEQARAGWTPTADTTTGLWR
DILERRR
DKPSHAVEWR
DKPSHAVEWRAR
DKPSHAVEWRARSESAQSK
DKPSHSGMESTV
ECHFFNGTERFLDR
ECHFFNGTERFLDRYFYNQEESVR
FLWQPKK
FLWQPKKCHFFNGTER
FLWQPKYR
FLWQPKYRECHFFNGTER
FTPAKWSTQA
GCGELHSAAASPT
GGHLLQTQLR
GGHLLQTQLRGCGELHSAAASPT
GLHLPSGAPK
GLHLPSGAPKR
GLHLPSGAPKRDKPSHAVEWR
GLHLPSGAPKRDKPSHSGMESTV
GPGGHLLQTQLR
GPGGHLLQTQLRGCGELHSAAASPT
GPRWTPTADTTTGLWR
GRGGHLLQTQLR
GRGGHLLQTQLRGCGELHSAAASPT
GRVDTYCR
GRVDTYCRHNYGVVESFTVQR
KCHFFNGTER
KCHFFNGTERFLDR
KCHFFNGTERVR
MERFTPAK
MERFTPAKWSTQA
RAAVDTYCR
RAAVDTYCRHNYGVVESFTVQR
RAGWTPTADTTTGLWR
RDKPSHAVEWR
RDKPSHAVEWRAR
RDKPSHSGMESTV
RECHFFNGTERFLDR
RGPGGHLLQTQLR
RGPRWTPTADTTTGLWR
RGRGGHLLQTQLR
RGRVDTYCR
RRAAVDTYCR
RRAGWTPTADTTTGLWR
RRGPGGHLLQTQLR
VDTYCRHNYGVVESFTVQR
VDTYCRHNYGVVESFTVQRR
WRGLHLPSGAPK
WRGLHLPSGAPKR
WTPTADTTTGLWR
WTPTADTTTGLWRASQCSGESNLR
YRECHFFNGTER
YRECHFFNGTERFLDR
YRECHFFNGTERVR
