APKSSLKFSPGPCPGPGPGPSPSR
APKSSLKFSPGPCPGPGPSPSR
APKSSLKFSPGPSVPVSR
CPGPGPGPSPCPGPSPSPQ
FSPGPCPGPGPGPSPSR
FSPGPCPGPGPGPSPSRPQSR
FSPGPCPGPGPGPSPSRPQSRSR
FSPGPCPGPGPGPSPSRSRPQSR
FSPGPCPGPGPGPSPSRSRPQSRSR
FSPGPCPGPGPSPSR
FSPGPCPGPGPSPSRPQSR
FSPGPCPGPGPSPSRPQSRSR
FSPGPCPGPGPSPSRSRPQSR
FSPGPCPGPGPSPSRSRPQSRSR
FSPGPSVPVSR
FSPGPSVPVSRSR
SRPQSLSWTQSQPP
SRPQSRSR
SRPQSRSRSRPQSLSWTQSQPP
SRSRPQSLSWTQSQPP
SSLKFSPGPCPGPGPGPSPSR
SSLKFSPGPCPGPGPGPSPSRPQSR
SSLKFSPGPCPGPGPSPSR
SSLKFSPGPCPGPGPSPSRPQSR
SSLKFSPGPCPGPGPSPSRPQSRSR
SSLKFSPGPCPGPGPSPSRSRPQSR
SSLKFSPGPSVPVSR
SSLKFSPGPSVPVSRSR
