AEGFLASQK
AEGFLASQKGRPGR
GGGRAEGFLASQK
GGGRAEGFLASQKGRPGR
HCNNLISLSFPHISPFSIPQNR
ILHIQPLK
ILHIQPLKFLFPLLHYFSLSAAR
KILHIQPLK
KILHIQPLKFLFPLLHYFSLSAAR
KKILHIQPLK
MYFYFYFLQLNEIFLFS
MYLDMYFYFYFLQLNEIFLFS
RGGGRAEGFLASQK
YFYFYFLQLNEIFLFS
YLDMYFYFYFLQLNEIFLFS
