EVKQALR
EVKQALRR
IPTMQGC
IPTMQGCQK
IPTMQGRQK
IVSIFYTMVIPMLNPLIYSLR
IVSIFYTMVIPMLNPLIYSLRNK
LESLLHVR
LESLLHVRFPPNR
MLESLLHVR
MLESLLHVRFPPNR
MPESLLHVR
MPESLLHVRFPPNR
MRSTTFSVMSPHSCPSHVQIPL
MSPHSCPSHVQIPL
NKEVKQALR
PESLLHVR
PESLLHVRFPPNR
QALRRSMQK
RSMQKLSL
RSTTFSVMSPHSCPSHVQIPL
SMQKLSL
SPHSCPSHVQIPL
STTFSVMSPHSCPSHVQIPL
