AGYGGSVPK
AGYGGSVPKIIYPK
CWRVNNTLVDDYYDESK
CWRVNNTLVDDYYDESKR
CYKDCNEIK
CYKDCNEIKGER
CYKQKELDMEEVSLK
DCNEIKGER
DCNEIKGERFTVLETR
DNTNLRCWR
DNTNLRCWRVNNTLVDDYYDESK
EGVETHVSFR
EGVETHVSFREHNLYTVNITFLEVK
EHNLYTVNITFLEVK
ELDMEEVSLK
ELDMEEVSLKSFIQK
ELDMEEVSLKSFIQKIIQLK
EWGDSGVYQCVIK
EWGDSGVYQCVIKTVTR
EWGDSGVYQCVIKTVTRLK
EWGDSGVYQCVINR
EWGDSGVYQCVINRK
EWGDSGVYQCVINRKSWIWR
FTVLETR
FTVLETRLLVSNVSAEDR
GERFTVLETR
GERFTVLETRLLVSNVSAEDR
GGLRSLPMCYK
GGLRSLPMCYKDCNEIK
GGLRSLPMCYKQK
GNYACQAILTHSGK
GSGSLFWK
GSGSLFWKPGFW
IPVSKIIQSR
IREGVETHVSFR
KSWIWRK
LKGSGSLFWK
LKGSGSLFWKPGFW
LLVSNVSAEDR
LLVSNVSAEDRGNYACQAILTHSGK
MCYKDCNEIK
MCYKDCNEIKGER
MCYKQKELDMEEVSLK
MDARTFL
MEWGDSGVYQCVIK
MEWGDSGVYQCVIKTVTR
MEWGDSGVYQCVIKTVTRLK
MEWGDSGVYQCVINR
MEWGDSGVYQCVINRK
MEWGDSGVYQCVINRKSWIWR
MGGLRSLPMCYK
MGGLRSLPMCYKDCNEIK
MGGLRSLPMCYKQK
MQGHFYEK
MRYFQQASLLLLIVHSLP
MWSLLLCGLSIALPLSVTADGCK
NHSIEVQLGTTLIVDCNVTDTK
NSSKIPVSK
NSSKIPVSKIIQSR
QGHFYEK
QKELDMEEVSLK
QKELDMEEVSLKSFIQK
QYEVLNGITVSITER
QYEVLNGITVSITERAGYGGSVPK
RIREGVETHVSFR
RYFQQASLLLLIVHSLP
SLPMCYK
SLPMCYKDCNEIK
SLPMCYKDCNEIKGER
SLPMCYKQK
SLPMCYKQKELDMEEVSLK
SWIWRKCP
TVTRLKGSGSLFWK
VNNTLVDDYYDESK
VNNTLVDDYYDESKR
VNNTLVDDYYDESKRIR
WSLLLCGLSIALPLSVTADGCK
YFQQASLLLLIVHSLP
